// Vitest Snapshot v1, https://vitest.dev/guide/snapshot.html

exports[`ConnectionsPage No Data > renders successfully 1`] = `
<div>
  <script>
    !function(){try{var d=document.documentElement,c=d.classList;c.remove('light','dark');var e=localStorage.getItem('theme');if('system'===e||(!e&&true)){var t='(prefers-color-scheme: dark)',m=window.matchMedia(t);if(m.media!==t||m.matches){d.style.colorScheme = 'dark';c.add('dark')}else{d.style.colorScheme = 'light';c.add('light')}}else if(e){c.add(e|| '')}if(e==='light'||e==='dark')d.style.colorScheme=e}catch(e){}}()
  </script>
  <div
    class="relative overflow-hidden sm:h-[60vh] 2xl:h-full"
    dir="ltr"
    style="position: relative; --radix-scroll-area-corner-width: 0px; --radix-scroll-area-corner-height: 0px;"
  >
    <style>
      [data-radix-scroll-area-viewport]{scrollbar-width:none;-ms-overflow-style:none;-webkit-overflow-scrolling:touch;}[data-radix-scroll-area-viewport]::-webkit-scrollbar{display:none}
    </style>
    <div
      class="h-full w-full rounded-[inherit]"
      data-radix-scroll-area-viewport=""
      style="overflow-x: scroll; overflow-y: scroll;"
    >
      <div
        style="min-width: 100%; display: table;"
      >
        <table
          class="w-full caption-bottom text-sm border"
        >
          <thead
            class="[&_tr]:border-b sticky top-0 bg-secondary"
          >
            <tr
              class="border-b transition-colors hover:bg-muted/50 data-[state=selected]:bg-muted"
            />
          </thead>
          <tbody
            class="[&_tr:last-child]:border-0"
          >
            <tr
              class="border-b transition-colors hover:bg-muted/50 data-[state=selected]:bg-muted"
            >
              <td
                class="p-4 align-middle [&:has([role=checkbox])]:pr-0 h-24 text-center"
                colspan="0"
              >
                No results.
              </td>
            </tr>
          </tbody>
        </table>
      </div>
    </div>
  </div>
  <div
    class="flex items-center justify-end space-x-2 py-4"
  >
    <button
      class="inline-flex items-center justify-center whitespace-nowrap text-sm font-medium ring-offset-background transition-colors focus-visible:outline-none focus-visible:ring-2 focus-visible:ring-ring focus-visible:ring-offset-2 disabled:pointer-events-none disabled:opacity-50 border border-input bg-background hover:bg-accent hover:text-accent-foreground h-9 rounded-md px-3"
      disabled=""
    >
      Previous
    </button>
    <button
      class="inline-flex items-center justify-center whitespace-nowrap text-sm font-medium ring-offset-background transition-colors focus-visible:outline-none focus-visible:ring-2 focus-visible:ring-ring focus-visible:ring-offset-2 disabled:pointer-events-none disabled:opacity-50 border border-input bg-background hover:bg-accent hover:text-accent-foreground h-9 rounded-md px-3"
      disabled=""
    >
      Next
    </button>
  </div>
</div>
`;

exports[`ConnectionsPage with Data > renders result with connections data 1`] = `
<div>
  <script>
    !function(){try{var d=document.documentElement,c=d.classList;c.remove('light','dark');var e=localStorage.getItem('theme');if('system'===e||(!e&&true)){var t='(prefers-color-scheme: dark)',m=window.matchMedia(t);if(m.media!==t||m.matches){d.style.colorScheme = 'dark';c.add('dark')}else{d.style.colorScheme = 'light';c.add('light')}}else if(e){c.add(e|| '')}if(e==='light'||e==='dark')d.style.colorScheme=e}catch(e){}}()
  </script>
  <div
    class="relative overflow-hidden sm:h-[60vh] 2xl:h-full"
    dir="ltr"
    style="position: relative; --radix-scroll-area-corner-width: 0px; --radix-scroll-area-corner-height: 0px;"
  >
    <style>
      [data-radix-scroll-area-viewport]{scrollbar-width:none;-ms-overflow-style:none;-webkit-overflow-scrolling:touch;}[data-radix-scroll-area-viewport]::-webkit-scrollbar{display:none}
    </style>
    <div
      class="h-full w-full rounded-[inherit]"
      data-radix-scroll-area-viewport=""
      style="overflow-x: scroll; overflow-y: scroll;"
    >
      <div
        style="min-width: 100%; display: table;"
      >
        <table
          class="w-full caption-bottom text-sm border"
        >
          <thead
            class="[&_tr]:border-b sticky top-0 bg-secondary"
          >
            <tr
              class="border-b transition-colors hover:bg-muted/50 data-[state=selected]:bg-muted"
            />
          </thead>
          <tbody
            class="[&_tr:last-child]:border-0"
          >
            <tr
              class="border-b transition-colors hover:bg-muted/50 data-[state=selected]:bg-muted"
            >
              <td
                class="p-4 align-middle [&:has([role=checkbox])]:pr-0 h-24 text-center"
                colspan="0"
              >
                No results.
              </td>
            </tr>
          </tbody>
        </table>
      </div>
    </div>
  </div>
  <div
    class="flex items-center justify-end space-x-2 py-4"
  >
    <button
      class="inline-flex items-center justify-center whitespace-nowrap text-sm font-medium ring-offset-background transition-colors focus-visible:outline-none focus-visible:ring-2 focus-visible:ring-ring focus-visible:ring-offset-2 disabled:pointer-events-none disabled:opacity-50 border border-input bg-background hover:bg-accent hover:text-accent-foreground h-9 rounded-md px-3"
      disabled=""
    >
      Previous
    </button>
    <button
      class="inline-flex items-center justify-center whitespace-nowrap text-sm font-medium ring-offset-background transition-colors focus-visible:outline-none focus-visible:ring-2 focus-visible:ring-ring focus-visible:ring-offset-2 disabled:pointer-events-none disabled:opacity-50 border border-input bg-background hover:bg-accent hover:text-accent-foreground h-9 rounded-md px-3"
      disabled=""
    >
      Next
    </button>
  </div>
</div>
`;

exports[`Data Table No Data > renders successfully 1`] = `
<div>
  <script>
    !function(){try{var d=document.documentElement,c=d.classList;c.remove('light','dark');var e=localStorage.getItem('theme');if('system'===e||(!e&&true)){var t='(prefers-color-scheme: dark)',m=window.matchMedia(t);if(m.media!==t||m.matches){d.style.colorScheme = 'dark';c.add('dark')}else{d.style.colorScheme = 'light';c.add('light')}}else if(e){c.add(e|| '')}if(e==='light'||e==='dark')d.style.colorScheme=e}catch(e){}}()
  </script>
  <div
    class="relative overflow-hidden sm:h-[60vh] 2xl:h-full"
    dir="ltr"
    style="position: relative; --radix-scroll-area-corner-width: 0px; --radix-scroll-area-corner-height: 0px;"
  >
    <style>
      [data-radix-scroll-area-viewport]{scrollbar-width:none;-ms-overflow-style:none;-webkit-overflow-scrolling:touch;}[data-radix-scroll-area-viewport]::-webkit-scrollbar{display:none}
    </style>
    <div
      class="h-full w-full rounded-[inherit]"
      data-radix-scroll-area-viewport=""
      style="overflow-x: scroll; overflow-y: scroll;"
    >
      <div
        style="min-width: 100%; display: table;"
      >
        <table
          class="w-full caption-bottom text-sm border"
        >
          <thead
            class="[&_tr]:border-b sticky top-0 bg-secondary"
          >
            <tr
              class="border-b transition-colors hover:bg-muted/50 data-[state=selected]:bg-muted"
            />
          </thead>
          <tbody
            class="[&_tr:last-child]:border-0"
          >
            <tr
              class="border-b transition-colors hover:bg-muted/50 data-[state=selected]:bg-muted"
            >
              <td
                class="p-4 align-middle [&:has([role=checkbox])]:pr-0 h-24 text-center"
                colspan="0"
              >
                No results.
              </td>
            </tr>
          </tbody>
        </table>
      </div>
    </div>
  </div>
  <div
    class="flex items-center justify-end space-x-2 py-4"
  >
    <button
      class="inline-flex items-center justify-center whitespace-nowrap text-sm font-medium ring-offset-background transition-colors focus-visible:outline-none focus-visible:ring-2 focus-visible:ring-ring focus-visible:ring-offset-2 disabled:pointer-events-none disabled:opacity-50 border border-input bg-background hover:bg-accent hover:text-accent-foreground h-9 rounded-md px-3"
      disabled=""
    >
      Previous
    </button>
    <button
      class="inline-flex items-center justify-center whitespace-nowrap text-sm font-medium ring-offset-background transition-colors focus-visible:outline-none focus-visible:ring-2 focus-visible:ring-ring focus-visible:ring-offset-2 disabled:pointer-events-none disabled:opacity-50 border border-input bg-background hover:bg-accent hover:text-accent-foreground h-9 rounded-md px-3"
      disabled=""
    >
      Next
    </button>
  </div>
</div>
`;

exports[`Data Table with Data > renders result with connections data 1`] = `
<div>
  <script>
    !function(){try{var d=document.documentElement,c=d.classList;c.remove('light','dark');var e=localStorage.getItem('theme');if('system'===e||(!e&&true)){var t='(prefers-color-scheme: dark)',m=window.matchMedia(t);if(m.media!==t||m.matches){d.style.colorScheme = 'dark';c.add('dark')}else{d.style.colorScheme = 'light';c.add('light')}}else if(e){c.add(e|| '')}if(e==='light'||e==='dark')d.style.colorScheme=e}catch(e){}}()
  </script>
  <div
    class="relative overflow-hidden sm:h-[60vh] 2xl:h-full"
    dir="ltr"
    style="position: relative; --radix-scroll-area-corner-width: 0px; --radix-scroll-area-corner-height: 0px;"
  >
    <style>
      [data-radix-scroll-area-viewport]{scrollbar-width:none;-ms-overflow-style:none;-webkit-overflow-scrolling:touch;}[data-radix-scroll-area-viewport]::-webkit-scrollbar{display:none}
    </style>
    <div
      class="h-full w-full rounded-[inherit]"
      data-radix-scroll-area-viewport=""
      style="overflow-x: scroll; overflow-y: scroll;"
    >
      <div
        style="min-width: 100%; display: table;"
      >
        <table
          class="w-full caption-bottom text-sm border"
        >
          <thead
            class="[&_tr]:border-b sticky top-0 bg-secondary"
          >
            <tr
              class="border-b transition-colors hover:bg-muted/50 data-[state=selected]:bg-muted"
            />
          </thead>
          <tbody
            class="[&_tr:last-child]:border-0"
          >
            <tr
              class="border-b transition-colors hover:bg-muted/50 data-[state=selected]:bg-muted"
            >
              <td
                class="p-4 align-middle [&:has([role=checkbox])]:pr-0 h-24 text-center"
                colspan="0"
              >
                No results.
              </td>
            </tr>
          </tbody>
        </table>
      </div>
    </div>
  </div>
  <div
    class="flex items-center justify-end space-x-2 py-4"
  >
    <button
      class="inline-flex items-center justify-center whitespace-nowrap text-sm font-medium ring-offset-background transition-colors focus-visible:outline-none focus-visible:ring-2 focus-visible:ring-ring focus-visible:ring-offset-2 disabled:pointer-events-none disabled:opacity-50 border border-input bg-background hover:bg-accent hover:text-accent-foreground h-9 rounded-md px-3"
      disabled=""
    >
      Previous
    </button>
    <button
      class="inline-flex items-center justify-center whitespace-nowrap text-sm font-medium ring-offset-background transition-colors focus-visible:outline-none focus-visible:ring-2 focus-visible:ring-ring focus-visible:ring-offset-2 disabled:pointer-events-none disabled:opacity-50 border border-input bg-background hover:bg-accent hover:text-accent-foreground h-9 rounded-md px-3"
      disabled=""
    >
      Next
    </button>
  </div>
</div>
`;
